#! 
:ivl_version "13.0 (devel)" "(s20251012-95-ge832fef2c-dirty)";
:ivl_delay_selection "TYPICAL";
:vpi_time_precision - 12;
:vpi_module "C:\Users\pelay\DOWNLO~1\OSS-CA~1\lib\ivl\system.vpi";
:vpi_module "C:\Users\pelay\DOWNLO~1\OSS-CA~1\lib\ivl\vhdl_sys.vpi";
:vpi_module "C:\Users\pelay\DOWNLO~1\OSS-CA~1\lib\ivl\vhdl_textio.vpi";
:vpi_module "C:\Users\pelay\DOWNLO~1\OSS-CA~1\lib\ivl\v2005_math.vpi";
:vpi_module "C:\Users\pelay\DOWNLO~1\OSS-CA~1\lib\ivl\va_math.vpi";
S_0000023605f0fcc0 .scope module, "top_tb" "top_tb" 2 3;
 .timescale -9 -12;
v0000023605f6c970_0 .var "clk", 0 0;
v0000023605f6ca10_0 .var "reset", 0 0;
S_0000023605ef6490 .scope module, "dut" "top" 2 10, 3 1 0, S_0000023605f0fcc0;
 .timescale 0 0;
    .port_info 0 /INPUT 1 "clk";
    .port_info 1 /INPUT 1 "reset";
L_0000023605efe980 .functor AND 1, v0000023605f0d730_0, v0000023605f0d870_0, C4<1>, C4<1>;
L_0000023605efee50 .functor OR 1, L_0000023605efe980, v0000023605f0bd90_0, C4<0>, C4<0>;
v0000023605f6b430_0 .net "ALUOp", 1 0, v0000023605f0c150_0;  1 drivers
v0000023605f69810_0 .net "ALUSrc", 0 0, v0000023605f0c6f0_0;  1 drivers
v0000023605f6a0d0_0 .net "Branch", 0 0, v0000023605f0d730_0;  1 drivers
v0000023605f6a3f0_0 .net "Jump", 0 0, v0000023605f0bd90_0;  1 drivers
v0000023605f6a490_0 .net "MemRead", 0 0, v0000023605f0d2d0_0;  1 drivers
v0000023605f6a530_0 .net "MemWrite", 0 0, v0000023605f0c010_0;  1 drivers
v0000023605f6a5d0_0 .net "MemtoReg", 0 0, v0000023605f0c290_0;  1 drivers
v0000023605f6a710_0 .net "RegWrite", 0 0, v0000023605f0cf10_0;  1 drivers
v0000023605f6d730_0 .net *"_ivl_16", 0 0, L_0000023605efe980;  1 drivers
v0000023605f6cbf0_0 .net "alu_ctrl", 2 0, v0000023605f0cbf0_0;  1 drivers
v0000023605f6d690_0 .net "alu_result", 31 0, v0000023605f0bcf0_0;  1 drivers
v0000023605f6dc30_0 .net "branch_taken", 0 0, v0000023605f0d870_0;  1 drivers
v0000023605f6dd70_0 .net "clk", 0 0, v0000023605f6c970_0;  1 drivers
v0000023605f6d050_0 .net "imm_ext", 31 0, v0000023605f0c470_0;  1 drivers
v0000023605f6e1d0_0 .net "instr", 31 0, L_0000023605efede0;  1 drivers
v0000023605f6da50_0 .net "pc", 31 0, v0000023605f6a210_0;  1 drivers
v0000023605f6e3b0_0 .net "pc_branch", 31 0, L_0000023605f6d910;  1 drivers
v0000023605f6e310_0 .net "pc_next", 31 0, L_0000023605f6d9b0;  1 drivers
v0000023605f6e450_0 .net "pc_plus_4", 31 0, L_0000023605f6dcd0;  1 drivers
v0000023605f6cc90_0 .net "pc_src", 0 0, L_0000023605efee50;  1 drivers
v0000023605f6d4b0_0 .net "read_data", 31 0, L_0000023605f6e130;  1 drivers
v0000023605f6cd30_0 .net "reset", 0 0, v0000023605f6ca10_0;  1 drivers
v0000023605f6c8d0_0 .net "result_wd", 31 0, L_0000023605f6df50;  1 drivers
v0000023605f6c830_0 .net "src_a", 31 0, L_0000023605f6d190;  1 drivers
v0000023605f6cb50_0 .net "src_b_alu", 31 0, L_0000023605f6d5f0;  1 drivers
v0000023605f6e590_0 .net "src_b_reg", 31 0, L_0000023605f6d2d0;  1 drivers
L_0000023605f6d550 .part L_0000023605efede0, 0, 7;
L_0000023605f6e630 .part L_0000023605efede0, 15, 5;
L_0000023605f6c790 .part L_0000023605efede0, 20, 5;
L_0000023605f6d370 .part L_0000023605efede0, 7, 5;
L_0000023605f6d7d0 .part L_0000023605efede0, 12, 3;
L_0000023605f6d870 .part L_0000023605efede0, 30, 1;
L_0000023605f6daf0 .part L_0000023605efede0, 12, 3;
S_0000023605ef6620 .scope module, "ac" "alu_control" 3 48, 4 1 0, S_0000023605ef6490;
 .timescale 0 0;
    .port_info 0 /INPUT 2 "ALUOp";
    .port_info 1 /INPUT 3 "funct3";
    .port_info 2 /INPUT 1 "funct7b5";
    .port_info 3 /OUTPUT 3 "ALUControl";
v0000023605f0cbf0_0 .var "ALUControl", 2 0;
v0000023605f0c0b0_0 .net "ALUOp", 1 0, v0000023605f0c150_0;  alias, 1 drivers
v0000023605f0d9b0_0 .net "funct3", 2 0, L_0000023605f6d7d0;  1 drivers
v0000023605f0bf70_0 .net "funct7b5", 0 0, L_0000023605f6d870;  1 drivers
E_0000023605f06070 .event anyedge, v0000023605f0c0b0_0, v0000023605f0d9b0_0, v0000023605f0bf70_0;
S_0000023605ef67b0 .scope module, "alu_unit" "alu" 3 53, 5 1 0, S_0000023605ef6490;
 .timescale 0 0;
    .port_info 0 /INPUT 32 "a";
    .port_info 1 /INPUT 32 "b";
    .port_info 2 /INPUT 3 "alu_control";
    .port_info 3 /OUTPUT 32 "result";
    .port_info 4 /OUTPUT 1 "zero";
v0000023605f0d910_0 .net "a", 31 0, L_0000023605f6d190;  alias, 1 drivers
v0000023605f0c790_0 .net "alu_control", 2 0, v0000023605f0cbf0_0;  alias, 1 drivers
v0000023605f0be30_0 .net "b", 31 0, L_0000023605f6d5f0;  alias, 1 drivers
v0000023605f0bcf0_0 .var "result", 31 0;
o0000023605f11848 .functor BUFZ 1, c4<z>; HiZ drive
v0000023605f0cc90_0 .net "zero", 0 0, o0000023605f11848;  0 drivers
E_0000023605f06ab0 .event anyedge, v0000023605f0cbf0_0, v0000023605f0d910_0, v0000023605f0be30_0;
S_0000023605ee67a0 .scope module, "b_comp" "branch_comparator" 3 58, 6 1 0, S_0000023605ef6490;
 .timescale 0 0;
    .port_info 0 /INPUT 32 "a";
    .port_info 1 /INPUT 32 "b";
    .port_info 2 /INPUT 3 "funct3";
    .port_info 3 /OUTPUT 1 "branch_taken";
v0000023605f0d0f0_0 .net "a", 31 0, L_0000023605f6d190;  alias, 1 drivers
v0000023605f0d230_0 .net "b", 31 0, L_0000023605f6d2d0;  alias, 1 drivers
v0000023605f0d870_0 .var "branch_taken", 0 0;
v0000023605f0cd30_0 .net "funct3", 2 0, L_0000023605f6daf0;  1 drivers
E_0000023605f060f0 .event anyedge, v0000023605f0cd30_0, v0000023605f0d910_0, v0000023605f0d230_0;
S_0000023605ee6930 .scope module, "ctrl" "control_unit" 3 27, 7 1 0, S_0000023605ef6490;
 .timescale 0 0;
    .port_info 0 /INPUT 7 "op";
    .port_info 1 /OUTPUT 1 "Branch";
    .port_info 2 /OUTPUT 1 "MemRead";
    .port_info 3 /OUTPUT 1 "MemtoReg";
    .port_info 4 /OUTPUT 2 "ALUOp";
    .port_info 5 /OUTPUT 1 "MemWrite";
    .port_info 6 /OUTPUT 1 "ALUSrc";
    .port_info 7 /OUTPUT 1 "RegWrite";
    .port_info 8 /OUTPUT 1 "Jump";
v0000023605f0c150_0 .var "ALUOp", 1 0;
v0000023605f0c6f0_0 .var "ALUSrc", 0 0;
v0000023605f0d730_0 .var "Branch", 0 0;
v0000023605f0bd90_0 .var "Jump", 0 0;
v0000023605f0d2d0_0 .var "MemRead", 0 0;
v0000023605f0c010_0 .var "MemWrite", 0 0;
v0000023605f0c290_0 .var "MemtoReg", 0 0;
v0000023605f0cf10_0 .var "RegWrite", 0 0;
v0000023605f0daf0_0 .net "op", 6 0, L_0000023605f6d550;  1 drivers
E_0000023605f062b0 .event anyedge, v0000023605f0daf0_0;
S_0000023605ee6ac0 .scope module, "dmem" "data_memory" 3 74, 8 1 0, S_0000023605ef6490;
 .timescale 0 0;
    .port_info 0 /INPUT 1 "clk";
    .port_info 1 /INPUT 1 "MemWrite";
    .port_info 2 /INPUT 1 "MemRead";
    .port_info 3 /INPUT 32 "a";
    .port_info 4 /INPUT 32 "wd";
    .port_info 5 /OUTPUT 32 "rd";
v0000023605f0c5b0_0 .net "MemRead", 0 0, v0000023605f0d2d0_0;  alias, 1 drivers
v0000023605f0d190_0 .net "MemWrite", 0 0, v0000023605f0c010_0;  alias, 1 drivers
v0000023605f0c330 .array "RAM", 0 63, 31 0;
v0000023605f0cdd0_0 .net *"_ivl_0", 31 0, L_0000023605f6db90;  1 drivers
v0000023605f0ca10_0 .net *"_ivl_3", 29 0, L_0000023605f6deb0;  1 drivers
L_0000023605fc0310 .functor BUFT 1, C4<00000000000000000000000000000000>, C4<0>, C4<0>, C4<0>;
v0000023605f0d7d0_0 .net/2u *"_ivl_4", 31 0, L_0000023605fc0310;  1 drivers
v0000023605f0da50_0 .net "a", 31 0, v0000023605f0bcf0_0;  alias, 1 drivers
v0000023605f0d550_0 .net "clk", 0 0, v0000023605f6c970_0;  alias, 1 drivers
v0000023605f0c8d0_0 .net "rd", 31 0, L_0000023605f6e130;  alias, 1 drivers
v0000023605f0d370_0 .net "wd", 31 0, L_0000023605f6d2d0;  alias, 1 drivers
E_0000023605f06630 .event posedge, v0000023605f0d550_0;
L_0000023605f6db90 .array/port v0000023605f0c330, L_0000023605f6deb0;
L_0000023605f6deb0 .part v0000023605f0bcf0_0, 2, 30;
L_0000023605f6e130 .functor MUXZ 32, L_0000023605fc0310, L_0000023605f6db90, v0000023605f0d2d0_0, C4<>;
S_0000023605ee4f40 .scope module, "imem" "instruction_memory" 3 22, 9 1 0, S_0000023605ef6490;
 .timescale 0 0;
    .port_info 0 /INPUT 32 "a";
    .port_info 1 /OUTPUT 32 "rd";
L_0000023605efede0 .functor BUFZ 32, L_0000023605f6cab0, C4<00000000000000000000000000000000>, C4<00000000000000000000000000000000>, C4<00000000000000000000000000000000>;
v0000023605f0c3d0 .array "RAM", 0 63, 31 0;
v0000023605f0c830_0 .net *"_ivl_0", 31 0, L_0000023605f6cab0;  1 drivers
v0000023605f0c970_0 .net *"_ivl_3", 29 0, L_0000023605f6d410;  1 drivers
v0000023605f0db90_0 .net "a", 31 0, v0000023605f6a210_0;  alias, 1 drivers
v0000023605f0ce70_0 .net "rd", 31 0, L_0000023605efede0;  alias, 1 drivers
L_0000023605f6cab0 .array/port v0000023605f0c3d0, L_0000023605f6d410;
L_0000023605f6d410 .part v0000023605f6a210_0, 2, 30;
S_0000023605ee50d0 .scope module, "imm_gen" "immediate_generator" 3 39, 10 1 0, S_0000023605ef6490;
 .timescale 0 0;
    .port_info 0 /INPUT 32 "instr";
    .port_info 1 /OUTPUT 32 "imm";
v0000023605f0c470_0 .var "imm", 31 0;
v0000023605f0cab0_0 .net "instr", 31 0, L_0000023605efede0;  alias, 1 drivers
E_0000023605f06570 .event anyedge, v0000023605f0ce70_0;
S_0000023605ee5260 .scope module, "pc_add_4" "adder" 3 18, 11 1 0, S_0000023605ef6490;
 .timescale 0 0;
    .port_info 0 /INPUT 32 "a";
    .port_info 1 /INPUT 32 "b";
    .port_info 2 /OUTPUT 32 "y";
v0000023605f0c510_0 .net "a", 31 0, v0000023605f6a210_0;  alias, 1 drivers
L_0000023605fc0088 .functor BUFT 1, C4<00000000000000000000000000000100>, C4<0>, C4<0>, C4<0>;
v0000023605f0d050_0 .net "b", 31 0, L_0000023605fc0088;  1 drivers
v0000023605f0d4b0_0 .net "y", 31 0, L_0000023605f6dcd0;  alias, 1 drivers
L_0000023605f6dcd0 .arith/sum 32, v0000023605f6a210_0, L_0000023605fc0088;
S_0000023605ee49c0 .scope module, "pc_add_branch" "adder" 3 62, 11 1 0, S_0000023605ef6490;
 .timescale 0 0;
    .port_info 0 /INPUT 32 "a";
    .port_info 1 /INPUT 32 "b";
    .port_info 2 /OUTPUT 32 "y";
v0000023605f0d5f0_0 .net "a", 31 0, v0000023605f6a210_0;  alias, 1 drivers
v0000023605efa7a0_0 .net "b", 31 0, v0000023605f0c470_0;  alias, 1 drivers
v0000023605f6a7b0_0 .net "y", 31 0, L_0000023605f6d910;  alias, 1 drivers
L_0000023605f6d910 .arith/sum 32, v0000023605f6a210_0, v0000023605f0c470_0;
S_0000023605ee4b50 .scope module, "pc_branch_mux" "mux" 3 69, 12 1 0, S_0000023605ef6490;
 .timescale 0 0;
    .port_info 0 /INPUT 32 "d0";
    .port_info 1 /INPUT 32 "d1";
    .port_info 2 /INPUT 1 "s";
    .port_info 3 /OUTPUT 32 "y";
v0000023605f6b2f0_0 .net "d0", 31 0, L_0000023605f6dcd0;  alias, 1 drivers
v0000023605f69bd0_0 .net "d1", 31 0, L_0000023605f6d910;  alias, 1 drivers
v0000023605f6ab70_0 .net "s", 0 0, L_0000023605efee50;  alias, 1 drivers
v0000023605f69950_0 .net "y", 31 0, L_0000023605f6d9b0;  alias, 1 drivers
L_0000023605f6d9b0 .functor MUXZ 32, L_0000023605f6dcd0, L_0000023605f6d910, L_0000023605efee50, C4<>;
S_0000023605ee4ce0 .scope module, "pc_reg" "program_counter" 3 14, 13 1 0, S_0000023605ef6490;
 .timescale 0 0;
    .port_info 0 /INPUT 1 "clk";
    .port_info 1 /INPUT 1 "reset";
    .port_info 2 /INPUT 32 "pc_next";
    .port_info 3 /OUTPUT 32 "pc";
v0000023605f6ad50_0 .net "clk", 0 0, v0000023605f6c970_0;  alias, 1 drivers
v0000023605f6a210_0 .var "pc", 31 0;
v0000023605f6acb0_0 .net "pc_next", 31 0, L_0000023605f6d9b0;  alias, 1 drivers
v0000023605f6adf0_0 .net "reset", 0 0, v0000023605f6ca10_0;  alias, 1 drivers
E_0000023605f05cf0 .event posedge, v0000023605f6adf0_0, v0000023605f0d550_0;
S_0000023605ee0870 .scope module, "reg_file" "register_file" 3 33, 14 1 0, S_0000023605ef6490;
 .timescale 0 0;
    .port_info 0 /INPUT 1 "clk";
    .port_info 1 /INPUT 1 "WE3";
    .port_info 2 /INPUT 5 "A1";
    .port_info 3 /INPUT 5 "A2";
    .port_info 4 /INPUT 5 "A3";
    .port_info 5 /INPUT 32 "WD3";
    .port_info 6 /OUTPUT 32 "RD1";
    .port_info 7 /OUTPUT 32 "RD2";
v0000023605f69db0_0 .net "A1", 4 0, L_0000023605f6e630;  1 drivers
v0000023605f6ae90_0 .net "A2", 4 0, L_0000023605f6c790;  1 drivers
v0000023605f6a2b0_0 .net "A3", 4 0, L_0000023605f6d370;  1 drivers
v0000023605f6aad0_0 .net "RD1", 31 0, L_0000023605f6d190;  alias, 1 drivers
v0000023605f698b0_0 .net "RD2", 31 0, L_0000023605f6d2d0;  alias, 1 drivers
v0000023605f6b4d0 .array "REG", 0 31, 31 0;
v0000023605f6a850_0 .net "WD3", 31 0, L_0000023605f6df50;  alias, 1 drivers
v0000023605f6af30_0 .net "WE3", 0 0, v0000023605f0cf10_0;  alias, 1 drivers
v0000023605f699f0_0 .net *"_ivl_0", 31 0, L_0000023605f6d0f0;  1 drivers
v0000023605f6aa30_0 .net *"_ivl_10", 6 0, L_0000023605f6ce70;  1 drivers
L_0000023605fc0160 .functor BUFT 1, C4<00>, C4<0>, C4<0>, C4<0>;
v0000023605f6a350_0 .net *"_ivl_13", 1 0, L_0000023605fc0160;  1 drivers
L_0000023605fc01a8 .functor BUFT 1, C4<00000000000000000000000000000000>, C4<0>, C4<0>, C4<0>;
v0000023605f69a90_0 .net/2u *"_ivl_14", 31 0, L_0000023605fc01a8;  1 drivers
v0000023605f69d10_0 .net *"_ivl_18", 31 0, L_0000023605f6cf10;  1 drivers
L_0000023605fc01f0 .functor BUFT 1, C4<000000000000000000000000000>, C4<0>, C4<0>, C4<0>;
v0000023605f6afd0_0 .net *"_ivl_21", 26 0, L_0000023605fc01f0;  1 drivers
L_0000023605fc0238 .functor BUFT 1, C4<00000000000000000000000000000000>, C4<0>, C4<0>, C4<0>;
v0000023605f69e50_0 .net/2u *"_ivl_22", 31 0, L_0000023605fc0238;  1 drivers
v0000023605f6ac10_0 .net *"_ivl_24", 0 0, L_0000023605f6cfb0;  1 drivers
v0000023605f6a170_0 .net *"_ivl_26", 31 0, L_0000023605f6d230;  1 drivers
v0000023605f6b570_0 .net *"_ivl_28", 6 0, L_0000023605f6e4f0;  1 drivers
L_0000023605fc00d0 .functor BUFT 1, C4<000000000000000000000000000>, C4<0>, C4<0>, C4<0>;
v0000023605f69b30_0 .net *"_ivl_3", 26 0, L_0000023605fc00d0;  1 drivers
L_0000023605fc0280 .functor BUFT 1, C4<00>, C4<0>, C4<0>, C4<0>;
v0000023605f6b070_0 .net *"_ivl_31", 1 0, L_0000023605fc0280;  1 drivers
L_0000023605fc02c8 .functor BUFT 1, C4<00000000000000000000000000000000>, C4<0>, C4<0>, C4<0>;
v0000023605f69c70_0 .net/2u *"_ivl_32", 31 0, L_0000023605fc02c8;  1 drivers
L_0000023605fc0118 .functor BUFT 1, C4<00000000000000000000000000000000>, C4<0>, C4<0>, C4<0>;
v0000023605f69ef0_0 .net/2u *"_ivl_4", 31 0, L_0000023605fc0118;  1 drivers
v0000023605f6b110_0 .net *"_ivl_6", 0 0, L_0000023605f6cdd0;  1 drivers
v0000023605f6b1b0_0 .net *"_ivl_8", 31 0, L_0000023605f6de10;  1 drivers
v0000023605f69f90_0 .net "clk", 0 0, v0000023605f6c970_0;  alias, 1 drivers
L_0000023605f6d0f0 .concat [ 5 27 0 0], L_0000023605f6e630, L_0000023605fc00d0;
L_0000023605f6cdd0 .cmp/ne 32, L_0000023605f6d0f0, L_0000023605fc0118;
L_0000023605f6de10 .array/port v0000023605f6b4d0, L_0000023605f6ce70;
L_0000023605f6ce70 .concat [ 5 2 0 0], L_0000023605f6e630, L_0000023605fc0160;
L_0000023605f6d190 .functor MUXZ 32, L_0000023605fc01a8, L_0000023605f6de10, L_0000023605f6cdd0, C4<>;
L_0000023605f6cf10 .concat [ 5 27 0 0], L_0000023605f6c790, L_0000023605fc01f0;
L_0000023605f6cfb0 .cmp/ne 32, L_0000023605f6cf10, L_0000023605fc0238;
L_0000023605f6d230 .array/port v0000023605f6b4d0, L_0000023605f6e4f0;
L_0000023605f6e4f0 .concat [ 5 2 0 0], L_0000023605f6c790, L_0000023605fc0280;
L_0000023605f6d2d0 .functor MUXZ 32, L_0000023605fc02c8, L_0000023605f6d230, L_0000023605f6cfb0, C4<>;
S_0000023605ee0a00 .scope module, "res_mux" "mux" 3 79, 12 1 0, S_0000023605ef6490;
 .timescale 0 0;
    .port_info 0 /INPUT 32 "d0";
    .port_info 1 /INPUT 32 "d1";
    .port_info 2 /INPUT 1 "s";
    .port_info 3 /OUTPUT 32 "y";
v0000023605f6a670_0 .net "d0", 31 0, v0000023605f0bcf0_0;  alias, 1 drivers
v0000023605f6a8f0_0 .net "d1", 31 0, L_0000023605f6e130;  alias, 1 drivers
v0000023605f6b250_0 .net "s", 0 0, v0000023605f0c290_0;  alias, 1 drivers
v0000023605f6a990_0 .net "y", 31 0, L_0000023605f6df50;  alias, 1 drivers
L_0000023605f6df50 .functor MUXZ 32, v0000023605f0bcf0_0, L_0000023605f6e130, v0000023605f0c290_0, C4<>;
S_0000023605ee0b90 .scope module, "src_b_mux" "mux" 3 44, 12 1 0, S_0000023605ef6490;
 .timescale 0 0;
    .port_info 0 /INPUT 32 "d0";
    .port_info 1 /INPUT 32 "d1";
    .port_info 2 /INPUT 1 "s";
    .port_info 3 /OUTPUT 32 "y";
v0000023605f69770_0 .net "d0", 31 0, L_0000023605f6d2d0;  alias, 1 drivers
v0000023605f6b390_0 .net "d1", 31 0, v0000023605f0c470_0;  alias, 1 drivers
v0000023605f6b610_0 .net "s", 0 0, v0000023605f0c6f0_0;  alias, 1 drivers
v0000023605f6a030_0 .net "y", 31 0, L_0000023605f6d5f0;  alias, 1 drivers
L_0000023605f6d5f0 .functor MUXZ 32, L_0000023605f6d2d0, v0000023605f0c470_0, v0000023605f0c6f0_0, C4<>;
    .scope S_0000023605ee4ce0;
T_0 ;
    %wait E_0000023605f05cf0;
    %load/vec4 v0000023605f6adf0_0;
    %flag_set/vec4 8;
    %jmp/0xz  T_0.0, 8;
    %pushi/vec4 0, 0, 32;
    %assign/vec4 v0000023605f6a210_0, 0;
    %jmp T_0.1;
T_0.0 ;
    %load/vec4 v0000023605f6acb0_0;
    %assign/vec4 v0000023605f6a210_0, 0;
T_0.1 ;
    %jmp T_0;
    .thread T_0;
    .scope S_0000023605ee4f40;
T_1 ;
    %vpi_call 9 9 "$readmemh", "test_program.mem", v0000023605f0c3d0 {0 0 0};
    %end;
    .thread T_1;
    .scope S_0000023605ee6930;
T_2 ;
    %wait E_0000023605f062b0;
    %pushi/vec4 0, 0, 1;
    %store/vec4 v0000023605f0d730_0, 0, 1;
    %pushi/vec4 0, 0, 1;
    %store/vec4 v0000023605f0d2d0_0, 0, 1;
    %pushi/vec4 0, 0, 1;
    %store/vec4 v0000023605f0c290_0, 0, 1;
    %pushi/vec4 0, 0, 2;
    %store/vec4 v0000023605f0c150_0, 0, 2;
    %pushi/vec4 0, 0, 1;
    %store/vec4 v0000023605f0c010_0, 0, 1;
    %pushi/vec4 0, 0, 1;
    %store/vec4 v0000023605f0c6f0_0, 0, 1;
    %pushi/vec4 0, 0, 1;
    %store/vec4 v0000023605f0cf10_0, 0, 1;
    %pushi/vec4 0, 0, 1;
    %store/vec4 v0000023605f0bd90_0, 0, 1;
    %load/vec4 v0000023605f0daf0_0;
    %dup/vec4;
    %pushi/vec4 51, 0, 7;
    %cmp/u;
    %jmp/1 T_2.0, 6;
    %dup/vec4;
    %pushi/vec4 19, 0, 7;
    %cmp/u;
    %jmp/1 T_2.1, 6;
    %dup/vec4;
    %pushi/vec4 3, 0, 7;
    %cmp/u;
    %jmp/1 T_2.2, 6;
    %dup/vec4;
    %pushi/vec4 35, 0, 7;
    %cmp/u;
    %jmp/1 T_2.3, 6;
    %dup/vec4;
    %pushi/vec4 99, 0, 7;
    %cmp/u;
    %jmp/1 T_2.4, 6;
    %dup/vec4;
    %pushi/vec4 111, 0, 7;
    %cmp/u;
    %jmp/1 T_2.5, 6;
    %jmp T_2.6;
T_2.0 ;
    %pushi/vec4 1, 0, 1;
    %store/vec4 v0000023605f0cf10_0, 0, 1;
    %pushi/vec4 2, 0, 2;
    %store/vec4 v0000023605f0c150_0, 0, 2;
    %jmp T_2.6;
T_2.1 ;
    %pushi/vec4 1, 0, 1;
    %store/vec4 v0000023605f0cf10_0, 0, 1;
    %pushi/vec4 1, 0, 1;
    %store/vec4 v0000023605f0c6f0_0, 0, 1;
    %pushi/vec4 2, 0, 2;
    %store/vec4 v0000023605f0c150_0, 0, 2;
    %jmp T_2.6;
T_2.2 ;
    %pushi/vec4 1, 0, 1;
    %store/vec4 v0000023605f0cf10_0, 0, 1;
    %pushi/vec4 1, 0, 1;
    %store/vec4 v0000023605f0c6f0_0, 0, 1;
    %pushi/vec4 1, 0, 1;
    %store/vec4 v0000023605f0c290_0, 0, 1;
    %pushi/vec4 1, 0, 1;
    %store/vec4 v0000023605f0d2d0_0, 0, 1;
    %pushi/vec4 0, 0, 2;
    %store/vec4 v0000023605f0c150_0, 0, 2;
    %jmp T_2.6;
T_2.3 ;
    %pushi/vec4 1, 0, 1;
    %store/vec4 v0000023605f0c010_0, 0, 1;
    %pushi/vec4 1, 0, 1;
    %store/vec4 v0000023605f0c6f0_0, 0, 1;
    %pushi/vec4 0, 0, 2;
    %store/vec4 v0000023605f0c150_0, 0, 2;
    %jmp T_2.6;
T_2.4 ;
    %pushi/vec4 1, 0, 1;
    %store/vec4 v0000023605f0d730_0, 0, 1;
    %pushi/vec4 1, 0, 2;
    %store/vec4 v0000023605f0c150_0, 0, 2;
    %jmp T_2.6;
T_2.5 ;
    %pushi/vec4 1, 0, 1;
    %store/vec4 v0000023605f0bd90_0, 0, 1;
    %pushi/vec4 1, 0, 1;
    %store/vec4 v0000023605f0cf10_0, 0, 1;
    %jmp T_2.6;
T_2.6 ;
    %pop/vec4 1;
    %jmp T_2;
    .thread T_2, $push;
    .scope S_0000023605ee0870;
T_3 ;
    %wait E_0000023605f06630;
    %load/vec4 v0000023605f6af30_0;
    %pad/u 32;
    %cmpi/e 1, 0, 32;
    %flag_get/vec4 4;
    %jmp/0 T_3.2, 4;
    %load/vec4 v0000023605f6a2b0_0;
    %pad/u 32;
    %pushi/vec4 0, 0, 32;
    %cmp/ne;
    %flag_get/vec4 4;
    %and;
T_3.2;
    %flag_set/vec4 8;
    %jmp/0xz  T_3.0, 8;
    %load/vec4 v0000023605f6a850_0;
    %load/vec4 v0000023605f6a2b0_0;
    %pad/u 7;
    %ix/vec4 3;
    %ix/load 4, 0, 0; Constant delay
    %assign/vec4/a/d v0000023605f6b4d0, 0, 4;
T_3.0 ;
    %jmp T_3;
    .thread T_3;
    .scope S_0000023605ee50d0;
T_4 ;
    %wait E_0000023605f06570;
    %load/vec4 v0000023605f0cab0_0;
    %parti/s 7, 0, 2;
    %dup/vec4;
    %pushi/vec4 19, 0, 7;
    %cmp/u;
    %jmp/1 T_4.0, 6;
    %dup/vec4;
    %pushi/vec4 3, 0, 7;
    %cmp/u;
    %jmp/1 T_4.1, 6;
    %dup/vec4;
    %pushi/vec4 103, 0, 7;
    %cmp/u;
    %jmp/1 T_4.2, 6;
    %dup/vec4;
    %pushi/vec4 35, 0, 7;
    %cmp/u;
    %jmp/1 T_4.3, 6;
    %dup/vec4;
    %pushi/vec4 99, 0, 7;
    %cmp/u;
    %jmp/1 T_4.4, 6;
    %dup/vec4;
    %pushi/vec4 111, 0, 7;
    %cmp/u;
    %jmp/1 T_4.5, 6;
    %pushi/vec4 0, 0, 32;
    %store/vec4 v0000023605f0c470_0, 0, 32;
    %jmp T_4.7;
T_4.0 ;
    %load/vec4 v0000023605f0cab0_0;
    %parti/s 1, 31, 6;
    %replicate 20;
    %load/vec4 v0000023605f0cab0_0;
    %parti/s 12, 20, 6;
    %concat/vec4; draw_concat_vec4
    %store/vec4 v0000023605f0c470_0, 0, 32;
    %jmp T_4.7;
T_4.1 ;
    %load/vec4 v0000023605f0cab0_0;
    %parti/s 1, 31, 6;
    %replicate 20;
    %load/vec4 v0000023605f0cab0_0;
    %parti/s 12, 20, 6;
    %concat/vec4; draw_concat_vec4
    %store/vec4 v0000023605f0c470_0, 0, 32;
    %jmp T_4.7;
T_4.2 ;
    %load/vec4 v0000023605f0cab0_0;
    %parti/s 1, 31, 6;
    %replicate 20;
    %load/vec4 v0000023605f0cab0_0;
    %parti/s 12, 20, 6;
    %concat/vec4; draw_concat_vec4
    %store/vec4 v0000023605f0c470_0, 0, 32;
    %jmp T_4.7;
T_4.3 ;
    %load/vec4 v0000023605f0cab0_0;
    %parti/s 1, 31, 6;
    %replicate 20;
    %load/vec4 v0000023605f0cab0_0;
    %parti/s 7, 25, 6;
    %concat/vec4; draw_concat_vec4
    %load/vec4 v0000023605f0cab0_0;
    %parti/s 5, 7, 4;
    %concat/vec4; draw_concat_vec4
    %store/vec4 v0000023605f0c470_0, 0, 32;
    %jmp T_4.7;
T_4.4 ;
    %load/vec4 v0000023605f0cab0_0;
    %parti/s 1, 31, 6;
    %replicate 20;
    %load/vec4 v0000023605f0cab0_0;
    %parti/s 1, 7, 4;
    %concat/vec4; draw_concat_vec4
    %load/vec4 v0000023605f0cab0_0;
    %parti/s 6, 25, 6;
    %concat/vec4; draw_concat_vec4
    %load/vec4 v0000023605f0cab0_0;
    %parti/s 4, 8, 5;
    %concat/vec4; draw_concat_vec4
    %concati/vec4 0, 0, 1;
    %store/vec4 v0000023605f0c470_0, 0, 32;
    %jmp T_4.7;
T_4.5 ;
    %load/vec4 v0000023605f0cab0_0;
    %parti/s 1, 31, 6;
    %replicate 12;
    %load/vec4 v0000023605f0cab0_0;
    %parti/s 8, 12, 5;
    %concat/vec4; draw_concat_vec4
    %load/vec4 v0000023605f0cab0_0;
    %parti/s 1, 20, 6;
    %concat/vec4; draw_concat_vec4
    %load/vec4 v0000023605f0cab0_0;
    %parti/s 10, 21, 6;
    %concat/vec4; draw_concat_vec4
    %concati/vec4 0, 0, 1;
    %store/vec4 v0000023605f0c470_0, 0, 32;
    %jmp T_4.7;
T_4.7 ;
    %pop/vec4 1;
    %jmp T_4;
    .thread T_4, $push;
    .scope S_0000023605ef6620;
T_5 ;
    %wait E_0000023605f06070;
    %load/vec4 v0000023605f0c0b0_0;
    %dup/vec4;
    %pushi/vec4 0, 0, 2;
    %cmp/u;
    %jmp/1 T_5.0, 6;
    %dup/vec4;
    %pushi/vec4 1, 0, 2;
    %cmp/u;
    %jmp/1 T_5.1, 6;
    %dup/vec4;
    %pushi/vec4 2, 0, 2;
    %cmp/u;
    %jmp/1 T_5.2, 6;
    %pushi/vec4 0, 0, 3;
    %store/vec4 v0000023605f0cbf0_0, 0, 3;
    %jmp T_5.4;
T_5.0 ;
    %pushi/vec4 0, 0, 3;
    %store/vec4 v0000023605f0cbf0_0, 0, 3;
    %jmp T_5.4;
T_5.1 ;
    %pushi/vec4 1, 0, 3;
    %store/vec4 v0000023605f0cbf0_0, 0, 3;
    %jmp T_5.4;
T_5.2 ;
    %load/vec4 v0000023605f0d9b0_0;
    %dup/vec4;
    %pushi/vec4 0, 0, 3;
    %cmp/u;
    %jmp/1 T_5.5, 6;
    %dup/vec4;
    %pushi/vec4 7, 0, 3;
    %cmp/u;
    %jmp/1 T_5.6, 6;
    %dup/vec4;
    %pushi/vec4 6, 0, 3;
    %cmp/u;
    %jmp/1 T_5.7, 6;
    %pushi/vec4 0, 0, 3;
    %store/vec4 v0000023605f0cbf0_0, 0, 3;
    %jmp T_5.9;
T_5.5 ;
    %load/vec4 v0000023605f0bf70_0;
    %flag_set/vec4 8;
    %jmp/0xz  T_5.10, 8;
    %pushi/vec4 1, 0, 3;
    %store/vec4 v0000023605f0cbf0_0, 0, 3;
    %jmp T_5.11;
T_5.10 ;
    %pushi/vec4 0, 0, 3;
    %store/vec4 v0000023605f0cbf0_0, 0, 3;
T_5.11 ;
    %jmp T_5.9;
T_5.6 ;
    %pushi/vec4 2, 0, 3;
    %store/vec4 v0000023605f0cbf0_0, 0, 3;
    %jmp T_5.9;
T_5.7 ;
    %pushi/vec4 3, 0, 3;
    %store/vec4 v0000023605f0cbf0_0, 0, 3;
    %jmp T_5.9;
T_5.9 ;
    %pop/vec4 1;
    %jmp T_5.4;
T_5.4 ;
    %pop/vec4 1;
    %jmp T_5;
    .thread T_5, $push;
    .scope S_0000023605ef67b0;
T_6 ;
    %wait E_0000023605f06ab0;
    %load/vec4 v0000023605f0c790_0;
    %dup/vec4;
    %pushi/vec4 0, 0, 3;
    %cmp/u;
    %jmp/1 T_6.0, 6;
    %dup/vec4;
    %pushi/vec4 1, 0, 3;
    %cmp/u;
    %jmp/1 T_6.1, 6;
    %dup/vec4;
    %pushi/vec4 2, 0, 3;
    %cmp/u;
    %jmp/1 T_6.2, 6;
    %dup/vec4;
    %pushi/vec4 3, 0, 3;
    %cmp/u;
    %jmp/1 T_6.3, 6;
    %pushi/vec4 0, 0, 32;
    %store/vec4 v0000023605f0bcf0_0, 0, 32;
    %jmp T_6.5;
T_6.0 ;
    %load/vec4 v0000023605f0d910_0;
    %load/vec4 v0000023605f0be30_0;
    %add;
    %store/vec4 v0000023605f0bcf0_0, 0, 32;
    %jmp T_6.5;
T_6.1 ;
    %load/vec4 v0000023605f0d910_0;
    %load/vec4 v0000023605f0be30_0;
    %sub;
    %store/vec4 v0000023605f0bcf0_0, 0, 32;
    %jmp T_6.5;
T_6.2 ;
    %load/vec4 v0000023605f0d910_0;
    %load/vec4 v0000023605f0be30_0;
    %and;
    %store/vec4 v0000023605f0bcf0_0, 0, 32;
    %jmp T_6.5;
T_6.3 ;
    %load/vec4 v0000023605f0d910_0;
    %load/vec4 v0000023605f0be30_0;
    %or;
    %store/vec4 v0000023605f0bcf0_0, 0, 32;
    %jmp T_6.5;
T_6.5 ;
    %pop/vec4 1;
    %jmp T_6;
    .thread T_6, $push;
    .scope S_0000023605ee67a0;
T_7 ;
    %wait E_0000023605f060f0;
    %load/vec4 v0000023605f0cd30_0;
    %dup/vec4;
    %pushi/vec4 0, 0, 3;
    %cmp/u;
    %jmp/1 T_7.0, 6;
    %dup/vec4;
    %pushi/vec4 1, 0, 3;
    %cmp/u;
    %jmp/1 T_7.1, 6;
    %pushi/vec4 0, 0, 1;
    %store/vec4 v0000023605f0d870_0, 0, 1;
    %jmp T_7.3;
T_7.0 ;
    %load/vec4 v0000023605f0d0f0_0;
    %load/vec4 v0000023605f0d230_0;
    %cmp/e;
    %flag_get/vec4 4;
    %store/vec4 v0000023605f0d870_0, 0, 1;
    %jmp T_7.3;
T_7.1 ;
    %load/vec4 v0000023605f0d0f0_0;
    %load/vec4 v0000023605f0d230_0;
    %cmp/ne;
    %flag_get/vec4 4;
    %store/vec4 v0000023605f0d870_0, 0, 1;
    %jmp T_7.3;
T_7.3 ;
    %pop/vec4 1;
    %jmp T_7;
    .thread T_7, $push;
    .scope S_0000023605ee6ac0;
T_8 ;
    %wait E_0000023605f06630;
    %load/vec4 v0000023605f0d190_0;
    %flag_set/vec4 8;
    %jmp/0xz  T_8.0, 8;
    %load/vec4 v0000023605f0d370_0;
    %load/vec4 v0000023605f0da50_0;
    %parti/s 30, 2, 3;
    %ix/vec4 3;
    %ix/load 4, 0, 0; Constant delay
    %assign/vec4/a/d v0000023605f0c330, 0, 4;
T_8.0 ;
    %jmp T_8;
    .thread T_8;
    .scope S_0000023605f0fcc0;
T_9 ;
    %delay 5000, 0;
    %load/vec4 v0000023605f6c970_0;
    %inv;
    %store/vec4 v0000023605f6c970_0, 0, 1;
    %jmp T_9;
    .thread T_9;
    .scope S_0000023605f0fcc0;
T_10 ;
    %pushi/vec4 0, 0, 1;
    %store/vec4 v0000023605f6c970_0, 0, 1;
    %pushi/vec4 1, 0, 1;
    %store/vec4 v0000023605f6ca10_0, 0, 1;
    %delay 10000, 0;
    %pushi/vec4 0, 0, 1;
    %store/vec4 v0000023605f6ca10_0, 0, 1;
    %delay 100000, 0;
    %vpi_call 2 32 "$finish" {0 0 0};
    %end;
    .thread T_10;
    .scope S_0000023605f0fcc0;
T_11 ;
    %vpi_call 2 37 "$monitor", "Tiempo=%0t | PC=%h | ALU_Resultado=%d", $time, v0000023605f6da50_0, v0000023605f6d690_0 {0 0 0};
    %end;
    .thread T_11;
    .scope S_0000023605f0fcc0;
T_12 ;
    %vpi_call 2 41 "$dumpfile", "simulacion.vcd" {0 0 0};
    %vpi_call 2 42 "$dumpvars", 32'sb00000000000000000000000000000000, S_0000023605f0fcc0 {0 0 0};
    %end;
    .thread T_12;
# The file index is used to find the file name in the following table.
:file_names 15;
    "N/A";
    "<interactive>";
    "top_tb.v";
    "top.v";
    "alu_control.v";
    "alu.v";
    "branch_comparator.v";
    "control_unit.v";
    "data_memory.v";
    "instruction_memory.v";
    "immediate_generator.v";
    "adder.v";
    "mux.v";
    "program_counter.v";
    "register_file.v";
